// Jest Snapshot v1, https://goo.gl/fbAQLP

exports[`DataProvided component should renders properly 1`] = `
<WithStyles(ForwardRef(Typography))
  style={
    Object {
      "fontStyle": "italic",
      "marginRight": 50,
    }
  }
>
  Data provided by 
  <WithStyles(ForwardRef(Link)) />
</WithStyles(ForwardRef(Typography))>
`;
