// Jest Snapshot v1, https://goo.gl/fbAQLP

exports[`ItalyContainer renders properly 1`] = `
<Fragment>
  <Styled(MuiBox)
    alignItems="center"
    bgcolor="background.paper"
    data-id="italy-container-box"
    display="flex"
    flexDirection="column"
    justifyContent="center"
    m={1}
    p={1}
  >
    <Summary
      confirmed={0}
      data={
        Object {
          "confirmed": 0,
          "deaths": 0,
          "error": false,
          "recovered": 0,
        }
      }
      deaths={0}
      error={false}
      recovered={0}
    />
    <ItalyRegions />
  </Styled(MuiBox)>
</Fragment>
`;
