// Jest Snapshot v1, https://goo.gl/fbAQLP

exports[`ItalyChart renders en error message with no data 1`] = `<Error />`;

exports[`ItalyChart renders error message if empty data are passed 1`] = `<Error />`;

exports[`ItalyChart renders with data with 3 series 1`] = `
<Fragment>
  <WithStyles(ForwardRef(Grid))
    container={true}
    data-id="swith-interval-container"
    spacing={2}
  >
    <WithStyles(ForwardRef(Grid))
      item={true}
    >
      <SwitchInterval />
    </WithStyles(ForwardRef(Grid))>
  </WithStyles(ForwardRef(Grid))>
  <WithStyles(ForwardRef(Grid))
    container={true}
  >
    <WithStyles(ForwardRef(Grid))
      item={true}
      lg={4}
      md={6}
      style={
        Object {
          "padding": 16,
        }
      }
      xs={12}
    >
      <Chart
        series={
          Array [
            undefined,
          ]
        }
        status={
          Array [
            "INTENSIVE_THERAPY",
          ]
        }
      />
    </WithStyles(ForwardRef(Grid))>
    <WithStyles(ForwardRef(Grid))
      item={true}
      lg={4}
      md={6}
      style={
        Object {
          "padding": 16,
        }
      }
      xs={12}
    >
      <Chart
        series={
          Array [
            undefined,
          ]
        }
        status={
          Array [
            "TOTAL_HOSPITALIZED",
          ]
        }
      />
    </WithStyles(ForwardRef(Grid))>
    <WithStyles(ForwardRef(Grid))
      item={true}
      lg={4}
      md={6}
      style={
        Object {
          "padding": 16,
        }
      }
      xs={12}
    >
      <Chart
        series={
          Array [
            undefined,
          ]
        }
        status={
          Array [
            "TOTAL_POSITIVE",
          ]
        }
      />
    </WithStyles(ForwardRef(Grid))>
    <WithStyles(ForwardRef(Grid))
      item={true}
      lg={4}
      md={6}
      style={
        Object {
          "padding": 16,
        }
      }
      xs={12}
    >
      <Chart
        series={
          Array [
            undefined,
          ]
        }
        status={
          Array [
            "NEW_DAILY_POSITIVE",
          ]
        }
      />
    </WithStyles(ForwardRef(Grid))>
    <WithStyles(ForwardRef(Grid))
      item={true}
      lg={4}
      md={6}
      style={
        Object {
          "padding": 16,
        }
      }
      xs={12}
    >
      <Chart
        series={
          Array [
            undefined,
          ]
        }
        status={
          Array [
            "DAILY_DECEASED",
          ]
        }
      />
    </WithStyles(ForwardRef(Grid))>
    <WithStyles(ForwardRef(Grid))
      item={true}
      lg={4}
      md={6}
      style={
        Object {
          "padding": 16,
        }
      }
      xs={12}
    >
      <Chart
        series={
          Array [
            undefined,
          ]
        }
        status={
          Array [
            "DAILY_SWABS",
          ]
        }
      />
    </WithStyles(ForwardRef(Grid))>
  </WithStyles(ForwardRef(Grid))>
  <WithStyles(ForwardRef(Grid))
    container={true}
    spacing={2}
  >
    <DataProvided
      href="api.apify.com"
    />
  </WithStyles(ForwardRef(Grid))>
</Fragment>
`;
