// Jest Snapshot v1, https://goo.gl/fbAQLP

exports[`ItalyChart renders error message if empty data are passed 1`] = `
<div>
  Ops! An error occured.
</div>
`;

exports[`ItalyChart renders properly with no data 1`] = `
<div>
  Ops! An error occured.
</div>
`;

exports[`ItalyChart renders with data 1`] = `
<Fragment>
  <XYPlot
    className=""
    data-id="chart-italy"
    height={300}
    margin={
      Object {
        "left": 60,
      }
    }
    onMouseLeave={[Function]}
    width={500}
    xType="time"
  >
    <VerticalGridLines
      attr="x"
      direction="vertical"
    />
    <HorizontalGridLines
      attr="y"
      direction="horizontal"
    />
    <LineMarkSeries
      className=""
      curve="curveMonotoneX"
      data={Array []}
      getNull={[Function]}
      lineStyle={Object {}}
      markStyle={Object {}}
      onNearestXY={[Function]}
      opacity={1}
      stack={false}
      strokeStyle="solid"
      style={Object {}}
    />
    <LineMarkSeries
      className=""
      curve="curveMonotoneX"
      data={Array []}
      getNull={[Function]}
      lineStyle={Object {}}
      markStyle={Object {}}
      opacity={1}
      stack={false}
      strokeStyle="solid"
      style={Object {}}
    />
    <LineMarkSeries
      className=""
      curve="curveMonotoneX"
      data={Array []}
      getNull={[Function]}
      lineStyle={Object {}}
      markStyle={Object {}}
      opacity={1}
      stack={false}
      strokeStyle="solid"
      style={Object {}}
    />
    <XAxis
      attr="x"
      attrAxis="y"
      orientation="bottom"
      tickTotal={20}
      title="day"
    />
    <YAxis
      attr="y"
      attrAxis="x"
      orientation="left"
      position="end"
      tickTotal={10}
      title="number"
    />
  </XYPlot>
</Fragment>
`;
