// Jest Snapshot v1, https://goo.gl/fbAQLP

exports[`ItalyContainer renders properly 1`] = `
<Fragment>
  <WithStyles(ForwardRef(Grid))
    container={true}
    justify="center"
  >
    <Summary
      data={
        Object {
          "deceased": 0,
          "error": false,
          "tamponi": 0,
          "totalCases": 0,
        }
      }
      deceased={0}
      error={false}
      lastUpdate=""
      tamponi={0}
      totalCases={0}
    />
  </WithStyles(ForwardRef(Grid))>
  <WithStyles(ForwardRef(Grid))
    container={true}
    justify="center"
    style={
      Object {
        "paddingLeft": 16,
        "paddingRight": 16,
      }
    }
  >
    <WithStyles(ForwardRef(Grid))
      item={true}
    >
      <ItalyChart
        checked={true}
        data={
          Object {
            "dailyDeceased": Array [],
            "dailySwabs": Array [],
            "intensiveTherapy": Array [],
            "newDailyPositive": Array [],
            "totalHospitalized": Array [],
            "totalPositive": Array [],
          }
        }
        data-id="italy-container-chart-box"
        error={false}
        loading={true}
        onToggleSwitch={[Function]}
      />
    </WithStyles(ForwardRef(Grid))>
  </WithStyles(ForwardRef(Grid))>
  <WithStyles(ForwardRef(Grid))
    container={true}
    justify="center"
    style={
      Object {
        "paddingLeft": 16,
        "paddingRight": 16,
      }
    }
  >
    <WithStyles(ForwardRef(Grid))
      item={true}
      style={
        Object {
          "marginTop": 10,
        }
      }
    >
      <WithStyles(ForwardRef(Typography))
        variant="h5"
      >
        Region Details
      </WithStyles(ForwardRef(Typography))>
    </WithStyles(ForwardRef(Grid))>
  </WithStyles(ForwardRef(Grid))>
  <WithStyles(ForwardRef(Grid))
    container={true}
    justify="center"
    style={
      Object {
        "paddingLeft": 16,
        "paddingRight": 16,
      }
    }
  >
    <WithStyles(ForwardRef(Grid))
      item={true}
      style={
        Object {
          "marginTop": 10,
        }
      }
    >
      <ItalyRegions
        data={Object {}}
        loading={true}
      />
    </WithStyles(ForwardRef(Grid))>
  </WithStyles(ForwardRef(Grid))>
</Fragment>
`;
