// Jest Snapshot v1, https://goo.gl/fbAQLP

exports[`MainContainer renders properly 1`] = `
<WithStyles(ForwardRef(Container))
  fixed={true}
  style={
    Object {
      "backgroundColor": "lightblue",
    }
  }
>
  <NavButtons />
  <Summary
    confirmed={0}
    data={
      Object {
        "confirmed": 0,
        "deaths": 0,
        "error": false,
        "recovered": 0,
      }
    }
    deaths={0}
    error={false}
    recovered={0}
  />
  <ItalyContainer
    data={Object {}}
    error={false}
    width={1024}
  />
</WithStyles(ForwardRef(Container))>
`;
