// Jest Snapshot v1, https://goo.gl/fbAQLP

exports[`MainContainer renders properly 1`] = `
<WithStyles(ForwardRef(Container))
  fixed={true}
  style={
    Object {
      "backgroundColor": "lightblue",
    }
  }
>
  <NavButtons />
  <Summary
    confirmed={172434}
    data={
      Object {
        "confirmed": 0,
        "deaths": 0,
        "error": false,
        "recovered": 0,
      }
    }
    deaths={22745}
    recovered={42727}
  />
  <ChartItaly
    data={
      Array [
        Object {
          "Active": 0,
          "City": "",
          "CityCode": "",
          "Confirmed": 2,
          "Country": "Italy",
          "CountryCode": "",
          "Date": "2020-01-31T00:00:00Z",
          "Deaths": 0,
          "Lat": "0",
          "Lon": "0",
          "Province": "",
          "Recovered": 0,
        },
        Object {
          "Active": 0,
          "City": "",
          "CityCode": "",
          "Confirmed": 2,
          "Country": "Italy",
          "CountryCode": "",
          "Date": "2020-02-01T00:00:00Z",
          "Deaths": 0,
          "Lat": "0",
          "Lon": "0",
          "Province": "",
          "Recovered": 0,
        },
        Object {
          "Active": 0,
          "City": "",
          "CityCode": "",
          "Confirmed": 2,
          "Country": "Italy",
          "CountryCode": "",
          "Date": "2020-02-02T00:00:00Z",
          "Deaths": 0,
          "Lat": "0",
          "Lon": "0",
          "Province": "",
          "Recovered": 0,
        },
        Object {
          "Active": 0,
          "City": "",
          "CityCode": "",
          "Confirmed": 2,
          "Country": "Italy",
          "CountryCode": "",
          "Date": "2020-02-03T00:00:00Z",
          "Deaths": 0,
          "Lat": "0",
          "Lon": "0",
          "Province": "",
          "Recovered": 0,
        },
        Object {
          "Active": 0,
          "City": "",
          "CityCode": "",
          "Confirmed": 2,
          "Country": "Italy",
          "CountryCode": "",
          "Date": "2020-02-04T00:00:00Z",
          "Deaths": 0,
          "Lat": "0",
          "Lon": "0",
          "Province": "",
          "Recovered": 0,
        },
        Object {
          "Active": 0,
          "City": "",
          "CityCode": "",
          "Confirmed": 2,
          "Country": "Italy",
          "CountryCode": "",
          "Date": "2020-02-05T00:00:00Z",
          "Deaths": 0,
          "Lat": "0",
          "Lon": "0",
          "Province": "",
          "Recovered": 0,
        },
        Object {
          "Active": 0,
          "City": "",
          "CityCode": "",
          "Confirmed": 2,
          "Country": "Italy",
          "CountryCode": "",
          "Date": "2020-02-06T00:00:00Z",
          "Deaths": 0,
          "Lat": "0",
          "Lon": "0",
          "Province": "",
          "Recovered": 0,
        },
        Object {
          "Active": 0,
          "City": "",
          "CityCode": "",
          "Confirmed": 3,
          "Country": "Italy",
          "CountryCode": "",
          "Date": "2020-02-07T00:00:00Z",
          "Deaths": 0,
          "Lat": "0",
          "Lon": "0",
          "Province": "",
          "Recovered": 0,
        },
        Object {
          "Active": 0,
          "City": "",
          "CityCode": "",
          "Confirmed": 3,
          "Country": "Italy",
          "CountryCode": "",
          "Date": "2020-02-08T00:00:00Z",
          "Deaths": 0,
          "Lat": "0",
          "Lon": "0",
          "Province": "",
          "Recovered": 0,
        },
        Object {
          "Active": 0,
          "City": "",
          "CityCode": "",
          "Confirmed": 3,
          "Country": "Italy",
          "CountryCode": "",
          "Date": "2020-02-09T00:00:00Z",
          "Deaths": 0,
          "Lat": "0",
          "Lon": "0",
          "Province": "",
          "Recovered": 0,
        },
        Object {
          "Active": 0,
          "City": "",
          "CityCode": "",
          "Confirmed": 3,
          "Country": "Italy",
          "CountryCode": "",
          "Date": "2020-02-10T00:00:00Z",
          "Deaths": 0,
          "Lat": "0",
          "Lon": "0",
          "Province": "",
          "Recovered": 0,
        },
        Object {
          "Active": 0,
          "City": "",
          "CityCode": "",
          "Confirmed": 3,
          "Country": "Italy",
          "CountryCode": "",
          "Date": "2020-02-11T00:00:00Z",
          "Deaths": 0,
          "Lat": "0",
          "Lon": "0",
          "Province": "",
          "Recovered": 0,
        },
        Object {
          "Active": 0,
          "City": "",
          "CityCode": "",
          "Confirmed": 3,
          "Country": "Italy",
          "CountryCode": "",
          "Date": "2020-02-12T00:00:00Z",
          "Deaths": 0,
          "Lat": "0",
          "Lon": "0",
          "Province": "",
          "Recovered": 0,
        },
        Object {
          "Active": 0,
          "City": "",
          "CityCode": "",
          "Confirmed": 3,
          "Country": "Italy",
          "CountryCode": "",
          "Date": "2020-02-13T00:00:00Z",
          "Deaths": 0,
          "Lat": "0",
          "Lon": "0",
          "Province": "",
          "Recovered": 0,
        },
        Object {
          "Active": 0,
          "City": "",
          "CityCode": "",
          "Confirmed": 3,
          "Country": "Italy",
          "CountryCode": "",
          "Date": "2020-02-14T00:00:00Z",
          "Deaths": 0,
          "Lat": "0",
          "Lon": "0",
          "Province": "",
          "Recovered": 0,
        },
        Object {
          "Active": 0,
          "City": "",
          "CityCode": "",
          "Confirmed": 3,
          "Country": "Italy",
          "CountryCode": "",
          "Date": "2020-02-15T00:00:00Z",
          "Deaths": 0,
          "Lat": "0",
          "Lon": "0",
          "Province": "",
          "Recovered": 0,
        },
        Object {
          "Active": 0,
          "City": "",
          "CityCode": "",
          "Confirmed": 3,
          "Country": "Italy",
          "CountryCode": "",
          "Date": "2020-02-16T00:00:00Z",
          "Deaths": 0,
          "Lat": "0",
          "Lon": "0",
          "Province": "",
          "Recovered": 0,
        },
        Object {
          "Active": 0,
          "City": "",
          "CityCode": "",
          "Confirmed": 3,
          "Country": "Italy",
          "CountryCode": "",
          "Date": "2020-02-17T00:00:00Z",
          "Deaths": 0,
          "Lat": "0",
          "Lon": "0",
          "Province": "",
          "Recovered": 0,
        },
        Object {
          "Active": 0,
          "City": "",
          "CityCode": "",
          "Confirmed": 3,
          "Country": "Italy",
          "CountryCode": "",
          "Date": "2020-02-18T00:00:00Z",
          "Deaths": 0,
          "Lat": "0",
          "Lon": "0",
          "Province": "",
          "Recovered": 0,
        },
        Object {
          "Active": 0,
          "City": "",
          "CityCode": "",
          "Confirmed": 3,
          "Country": "Italy",
          "CountryCode": "",
          "Date": "2020-02-19T00:00:00Z",
          "Deaths": 0,
          "Lat": "0",
          "Lon": "0",
          "Province": "",
          "Recovered": 0,
        },
        Object {
          "Active": 0,
          "City": "",
          "CityCode": "",
          "Confirmed": 3,
          "Country": "Italy",
          "CountryCode": "",
          "Date": "2020-02-20T00:00:00Z",
          "Deaths": 0,
          "Lat": "0",
          "Lon": "0",
          "Province": "",
          "Recovered": 0,
        },
        Object {
          "Active": 0,
          "City": "",
          "CityCode": "",
          "Confirmed": 20,
          "Country": "Italy",
          "CountryCode": "",
          "Date": "2020-02-21T00:00:00Z",
          "Deaths": 1,
          "Lat": "0",
          "Lon": "0",
          "Province": "",
          "Recovered": 0,
        },
        Object {
          "Active": 0,
          "City": "",
          "CityCode": "",
          "Confirmed": 62,
          "Country": "Italy",
          "CountryCode": "",
          "Date": "2020-02-22T00:00:00Z",
          "Deaths": 2,
          "Lat": "0",
          "Lon": "0",
          "Province": "",
          "Recovered": 1,
        },
        Object {
          "Active": 0,
          "City": "",
          "CityCode": "",
          "Confirmed": 155,
          "Country": "Italy",
          "CountryCode": "",
          "Date": "2020-02-23T00:00:00Z",
          "Deaths": 3,
          "Lat": "0",
          "Lon": "0",
          "Province": "",
          "Recovered": 2,
        },
        Object {
          "Active": 0,
          "City": "",
          "CityCode": "",
          "Confirmed": 229,
          "Country": "Italy",
          "CountryCode": "",
          "Date": "2020-02-24T00:00:00Z",
          "Deaths": 7,
          "Lat": "0",
          "Lon": "0",
          "Province": "",
          "Recovered": 1,
        },
        Object {
          "Active": 0,
          "City": "",
          "CityCode": "",
          "Confirmed": 322,
          "Country": "Italy",
          "CountryCode": "",
          "Date": "2020-02-25T00:00:00Z",
          "Deaths": 10,
          "Lat": "0",
          "Lon": "0",
          "Province": "",
          "Recovered": 1,
        },
        Object {
          "Active": 0,
          "City": "",
          "CityCode": "",
          "Confirmed": 453,
          "Country": "Italy",
          "CountryCode": "",
          "Date": "2020-02-26T00:00:00Z",
          "Deaths": 12,
          "Lat": "0",
          "Lon": "0",
          "Province": "",
          "Recovered": 3,
        },
        Object {
          "Active": 0,
          "City": "",
          "CityCode": "",
          "Confirmed": 655,
          "Country": "Italy",
          "CountryCode": "",
          "Date": "2020-02-27T00:00:00Z",
          "Deaths": 17,
          "Lat": "0",
          "Lon": "0",
          "Province": "",
          "Recovered": 45,
        },
        Object {
          "Active": 0,
          "City": "",
          "CityCode": "",
          "Confirmed": 888,
          "Country": "Italy",
          "CountryCode": "",
          "Date": "2020-02-28T00:00:00Z",
          "Deaths": 21,
          "Lat": "0",
          "Lon": "0",
          "Province": "",
          "Recovered": 46,
        },
        Object {
          "Active": 0,
          "City": "",
          "CityCode": "",
          "Confirmed": 1128,
          "Country": "Italy",
          "CountryCode": "",
          "Date": "2020-02-29T00:00:00Z",
          "Deaths": 29,
          "Lat": "0",
          "Lon": "0",
          "Province": "",
          "Recovered": 46,
        },
        Object {
          "Active": 0,
          "City": "",
          "CityCode": "",
          "Confirmed": 1694,
          "Country": "Italy",
          "CountryCode": "",
          "Date": "2020-03-01T00:00:00Z",
          "Deaths": 34,
          "Lat": "0",
          "Lon": "0",
          "Province": "",
          "Recovered": 83,
        },
        Object {
          "Active": 0,
          "City": "",
          "CityCode": "",
          "Confirmed": 2036,
          "Country": "Italy",
          "CountryCode": "",
          "Date": "2020-03-02T00:00:00Z",
          "Deaths": 52,
          "Lat": "0",
          "Lon": "0",
          "Province": "",
          "Recovered": 149,
        },
        Object {
          "Active": 0,
          "City": "",
          "CityCode": "",
          "Confirmed": 2502,
          "Country": "Italy",
          "CountryCode": "",
          "Date": "2020-03-03T00:00:00Z",
          "Deaths": 79,
          "Lat": "0",
          "Lon": "0",
          "Province": "",
          "Recovered": 160,
        },
        Object {
          "Active": 0,
          "City": "",
          "CityCode": "",
          "Confirmed": 3089,
          "Country": "Italy",
          "CountryCode": "",
          "Date": "2020-03-04T00:00:00Z",
          "Deaths": 107,
          "Lat": "0",
          "Lon": "0",
          "Province": "",
          "Recovered": 276,
        },
        Object {
          "Active": 0,
          "City": "",
          "CityCode": "",
          "Confirmed": 3858,
          "Country": "Italy",
          "CountryCode": "",
          "Date": "2020-03-05T00:00:00Z",
          "Deaths": 148,
          "Lat": "0",
          "Lon": "0",
          "Province": "",
          "Recovered": 414,
        },
        Object {
          "Active": 0,
          "City": "",
          "CityCode": "",
          "Confirmed": 4636,
          "Country": "Italy",
          "CountryCode": "",
          "Date": "2020-03-06T00:00:00Z",
          "Deaths": 197,
          "Lat": "0",
          "Lon": "0",
          "Province": "",
          "Recovered": 523,
        },
        Object {
          "Active": 0,
          "City": "",
          "CityCode": "",
          "Confirmed": 5883,
          "Country": "Italy",
          "CountryCode": "",
          "Date": "2020-03-07T00:00:00Z",
          "Deaths": 233,
          "Lat": "0",
          "Lon": "0",
          "Province": "",
          "Recovered": 589,
        },
        Object {
          "Active": 0,
          "City": "",
          "CityCode": "",
          "Confirmed": 7375,
          "Country": "Italy",
          "CountryCode": "",
          "Date": "2020-03-08T00:00:00Z",
          "Deaths": 366,
          "Lat": "0",
          "Lon": "0",
          "Province": "",
          "Recovered": 622,
        },
        Object {
          "Active": 0,
          "City": "",
          "CityCode": "",
          "Confirmed": 9172,
          "Country": "Italy",
          "CountryCode": "",
          "Date": "2020-03-09T00:00:00Z",
          "Deaths": 463,
          "Lat": "0",
          "Lon": "0",
          "Province": "",
          "Recovered": 724,
        },
        Object {
          "Active": 0,
          "City": "",
          "CityCode": "",
          "Confirmed": 10149,
          "Country": "Italy",
          "CountryCode": "",
          "Date": "2020-03-10T00:00:00Z",
          "Deaths": 631,
          "Lat": "0",
          "Lon": "0",
          "Province": "",
          "Recovered": 724,
        },
        Object {
          "Active": 0,
          "City": "",
          "CityCode": "",
          "Confirmed": 12462,
          "Country": "Italy",
          "CountryCode": "",
          "Date": "2020-03-11T00:00:00Z",
          "Deaths": 827,
          "Lat": "0",
          "Lon": "0",
          "Province": "",
          "Recovered": 1045,
        },
        Object {
          "Active": 0,
          "City": "",
          "CityCode": "",
          "Confirmed": 12462,
          "Country": "Italy",
          "CountryCode": "",
          "Date": "2020-03-12T00:00:00Z",
          "Deaths": 827,
          "Lat": "0",
          "Lon": "0",
          "Province": "",
          "Recovered": 1045,
        },
        Object {
          "Active": 0,
          "City": "",
          "CityCode": "",
          "Confirmed": 17660,
          "Country": "Italy",
          "CountryCode": "",
          "Date": "2020-03-13T00:00:00Z",
          "Deaths": 1266,
          "Lat": "0",
          "Lon": "0",
          "Province": "",
          "Recovered": 1439,
        },
        Object {
          "Active": 0,
          "City": "",
          "CityCode": "",
          "Confirmed": 21157,
          "Country": "Italy",
          "CountryCode": "",
          "Date": "2020-03-14T00:00:00Z",
          "Deaths": 1441,
          "Lat": "0",
          "Lon": "0",
          "Province": "",
          "Recovered": 1966,
        },
        Object {
          "Active": 0,
          "City": "",
          "CityCode": "",
          "Confirmed": 24747,
          "Country": "Italy",
          "CountryCode": "",
          "Date": "2020-03-15T00:00:00Z",
          "Deaths": 1809,
          "Lat": "0",
          "Lon": "0",
          "Province": "",
          "Recovered": 2335,
        },
        Object {
          "Active": 0,
          "City": "",
          "CityCode": "",
          "Confirmed": 27980,
          "Country": "Italy",
          "CountryCode": "",
          "Date": "2020-03-16T00:00:00Z",
          "Deaths": 2158,
          "Lat": "0",
          "Lon": "0",
          "Province": "",
          "Recovered": 2749,
        },
        Object {
          "Active": 0,
          "City": "",
          "CityCode": "",
          "Confirmed": 31506,
          "Country": "Italy",
          "CountryCode": "",
          "Date": "2020-03-17T00:00:00Z",
          "Deaths": 2503,
          "Lat": "0",
          "Lon": "0",
          "Province": "",
          "Recovered": 2941,
        },
        Object {
          "Active": 0,
          "City": "",
          "CityCode": "",
          "Confirmed": 35713,
          "Country": "Italy",
          "CountryCode": "",
          "Date": "2020-03-18T00:00:00Z",
          "Deaths": 2978,
          "Lat": "0",
          "Lon": "0",
          "Province": "",
          "Recovered": 4025,
        },
        Object {
          "Active": 0,
          "City": "",
          "CityCode": "",
          "Confirmed": 41035,
          "Country": "Italy",
          "CountryCode": "",
          "Date": "2020-03-19T00:00:00Z",
          "Deaths": 3405,
          "Lat": "0",
          "Lon": "0",
          "Province": "",
          "Recovered": 4440,
        },
        Object {
          "Active": 0,
          "City": "",
          "CityCode": "",
          "Confirmed": 47021,
          "Country": "Italy",
          "CountryCode": "",
          "Date": "2020-03-20T00:00:00Z",
          "Deaths": 4032,
          "Lat": "0",
          "Lon": "0",
          "Province": "",
          "Recovered": 4440,
        },
        Object {
          "Active": 0,
          "City": "",
          "CityCode": "",
          "Confirmed": 53578,
          "Country": "Italy",
          "CountryCode": "",
          "Date": "2020-03-21T00:00:00Z",
          "Deaths": 4825,
          "Lat": "0",
          "Lon": "0",
          "Province": "",
          "Recovered": 6072,
        },
        Object {
          "Active": 0,
          "City": "",
          "CityCode": "",
          "Confirmed": 59138,
          "Country": "Italy",
          "CountryCode": "",
          "Date": "2020-03-22T00:00:00Z",
          "Deaths": 5476,
          "Lat": "0",
          "Lon": "0",
          "Province": "",
          "Recovered": 7024,
        },
        Object {
          "Active": 0,
          "City": "",
          "CityCode": "",
          "Confirmed": 63927,
          "Country": "Italy",
          "CountryCode": "",
          "Date": "2020-03-23T00:00:00Z",
          "Deaths": 6077,
          "Lat": "0",
          "Lon": "0",
          "Province": "",
          "Recovered": 7024,
        },
        Object {
          "Active": 0,
          "City": "",
          "CityCode": "",
          "Confirmed": 69176,
          "Country": "Italy",
          "CountryCode": "",
          "Date": "2020-03-24T00:00:00Z",
          "Deaths": 6820,
          "Lat": "0",
          "Lon": "0",
          "Province": "",
          "Recovered": 8326,
        },
        Object {
          "Active": 0,
          "City": "",
          "CityCode": "",
          "Confirmed": 74386,
          "Country": "Italy",
          "CountryCode": "",
          "Date": "2020-03-25T00:00:00Z",
          "Deaths": 7503,
          "Lat": "0",
          "Lon": "0",
          "Province": "",
          "Recovered": 9362,
        },
        Object {
          "Active": 0,
          "City": "",
          "CityCode": "",
          "Confirmed": 80589,
          "Country": "Italy",
          "CountryCode": "",
          "Date": "2020-03-26T00:00:00Z",
          "Deaths": 8215,
          "Lat": "0",
          "Lon": "0",
          "Province": "",
          "Recovered": 10361,
        },
        Object {
          "Active": 0,
          "City": "",
          "CityCode": "",
          "Confirmed": 86498,
          "Country": "Italy",
          "CountryCode": "",
          "Date": "2020-03-27T00:00:00Z",
          "Deaths": 9134,
          "Lat": "0",
          "Lon": "0",
          "Province": "",
          "Recovered": 10950,
        },
        Object {
          "Active": 0,
          "City": "",
          "CityCode": "",
          "Confirmed": 92472,
          "Country": "Italy",
          "CountryCode": "",
          "Date": "2020-03-28T00:00:00Z",
          "Deaths": 10023,
          "Lat": "0",
          "Lon": "0",
          "Province": "",
          "Recovered": 12384,
        },
        Object {
          "Active": 0,
          "City": "",
          "CityCode": "",
          "Confirmed": 97689,
          "Country": "Italy",
          "CountryCode": "",
          "Date": "2020-03-29T00:00:00Z",
          "Deaths": 10779,
          "Lat": "0",
          "Lon": "0",
          "Province": "",
          "Recovered": 13030,
        },
        Object {
          "Active": 0,
          "City": "",
          "CityCode": "",
          "Confirmed": 101739,
          "Country": "Italy",
          "CountryCode": "",
          "Date": "2020-03-30T00:00:00Z",
          "Deaths": 11591,
          "Lat": "0",
          "Lon": "0",
          "Province": "",
          "Recovered": 14620,
        },
        Object {
          "Active": 0,
          "City": "",
          "CityCode": "",
          "Confirmed": 105792,
          "Country": "Italy",
          "CountryCode": "",
          "Date": "2020-03-31T00:00:00Z",
          "Deaths": 12428,
          "Lat": "0",
          "Lon": "0",
          "Province": "",
          "Recovered": 15729,
        },
        Object {
          "Active": 0,
          "City": "",
          "CityCode": "",
          "Confirmed": 110574,
          "Country": "Italy",
          "CountryCode": "",
          "Date": "2020-04-01T00:00:00Z",
          "Deaths": 13155,
          "Lat": "0",
          "Lon": "0",
          "Province": "",
          "Recovered": 16847,
        },
        Object {
          "Active": 0,
          "City": "",
          "CityCode": "",
          "Confirmed": 115242,
          "Country": "Italy",
          "CountryCode": "",
          "Date": "2020-04-02T00:00:00Z",
          "Deaths": 13915,
          "Lat": "0",
          "Lon": "0",
          "Province": "",
          "Recovered": 18278,
        },
        Object {
          "Active": 0,
          "City": "",
          "CityCode": "",
          "Confirmed": 119827,
          "Country": "Italy",
          "CountryCode": "",
          "Date": "2020-04-03T00:00:00Z",
          "Deaths": 14681,
          "Lat": "0",
          "Lon": "0",
          "Province": "",
          "Recovered": 19758,
        },
        Object {
          "Active": 0,
          "City": "",
          "CityCode": "",
          "Confirmed": 124632,
          "Country": "Italy",
          "CountryCode": "",
          "Date": "2020-04-04T00:00:00Z",
          "Deaths": 15362,
          "Lat": "0",
          "Lon": "0",
          "Province": "",
          "Recovered": 20996,
        },
        Object {
          "Active": 0,
          "City": "",
          "CityCode": "",
          "Confirmed": 128948,
          "Country": "Italy",
          "CountryCode": "",
          "Date": "2020-04-05T00:00:00Z",
          "Deaths": 15887,
          "Lat": "0",
          "Lon": "0",
          "Province": "",
          "Recovered": 21815,
        },
        Object {
          "Active": 0,
          "City": "",
          "CityCode": "",
          "Confirmed": 132547,
          "Country": "Italy",
          "CountryCode": "",
          "Date": "2020-04-06T00:00:00Z",
          "Deaths": 16523,
          "Lat": "0",
          "Lon": "0",
          "Province": "",
          "Recovered": 22837,
        },
        Object {
          "Active": 0,
          "City": "",
          "CityCode": "",
          "Confirmed": 135586,
          "Country": "Italy",
          "CountryCode": "",
          "Date": "2020-04-07T00:00:00Z",
          "Deaths": 17127,
          "Lat": "0",
          "Lon": "0",
          "Province": "",
          "Recovered": 24392,
        },
        Object {
          "Active": 0,
          "City": "",
          "CityCode": "",
          "Confirmed": 139422,
          "Country": "Italy",
          "CountryCode": "",
          "Date": "2020-04-08T00:00:00Z",
          "Deaths": 17669,
          "Lat": "0",
          "Lon": "0",
          "Province": "",
          "Recovered": 26491,
        },
        Object {
          "Active": 0,
          "City": "",
          "CityCode": "",
          "Confirmed": 143626,
          "Country": "Italy",
          "CountryCode": "",
          "Date": "2020-04-09T00:00:00Z",
          "Deaths": 18279,
          "Lat": "0",
          "Lon": "0",
          "Province": "",
          "Recovered": 28470,
        },
        Object {
          "Active": 0,
          "City": "",
          "CityCode": "",
          "Confirmed": 147577,
          "Country": "Italy",
          "CountryCode": "",
          "Date": "2020-04-10T00:00:00Z",
          "Deaths": 18849,
          "Lat": "0",
          "Lon": "0",
          "Province": "",
          "Recovered": 30455,
        },
        Object {
          "Active": 0,
          "City": "",
          "CityCode": "",
          "Confirmed": 152271,
          "Country": "Italy",
          "CountryCode": "",
          "Date": "2020-04-11T00:00:00Z",
          "Deaths": 19468,
          "Lat": "0",
          "Lon": "0",
          "Province": "",
          "Recovered": 32534,
        },
        Object {
          "Active": 0,
          "City": "",
          "CityCode": "",
          "Confirmed": 156363,
          "Country": "Italy",
          "CountryCode": "",
          "Date": "2020-04-12T00:00:00Z",
          "Deaths": 19899,
          "Lat": "0",
          "Lon": "0",
          "Province": "",
          "Recovered": 34211,
        },
        Object {
          "Active": 0,
          "City": "",
          "CityCode": "",
          "Confirmed": 159516,
          "Country": "Italy",
          "CountryCode": "",
          "Date": "2020-04-13T00:00:00Z",
          "Deaths": 20465,
          "Lat": "0",
          "Lon": "0",
          "Province": "",
          "Recovered": 35435,
        },
        Object {
          "Active": 0,
          "City": "",
          "CityCode": "",
          "Confirmed": 162488,
          "Country": "Italy",
          "CountryCode": "",
          "Date": "2020-04-14T00:00:00Z",
          "Deaths": 21067,
          "Lat": "0",
          "Lon": "0",
          "Province": "",
          "Recovered": 37130,
        },
        Object {
          "Active": 0,
          "City": "",
          "CityCode": "",
          "Confirmed": 165155,
          "Country": "Italy",
          "CountryCode": "",
          "Date": "2020-04-15T00:00:00Z",
          "Deaths": 21645,
          "Lat": "0",
          "Lon": "0",
          "Province": "",
          "Recovered": 38092,
        },
        Object {
          "Active": 0,
          "City": "",
          "CityCode": "",
          "Confirmed": 168941,
          "Country": "Italy",
          "CountryCode": "",
          "Date": "2020-04-16T00:00:00Z",
          "Deaths": 22170,
          "Lat": "0",
          "Lon": "0",
          "Province": "",
          "Recovered": 40164,
        },
        Object {
          "Active": 0,
          "City": "",
          "CityCode": "",
          "Confirmed": 172434,
          "Country": "Italy",
          "CountryCode": "",
          "Date": "2020-04-17T00:00:00Z",
          "Deaths": 22745,
          "Lat": "0",
          "Lon": "0",
          "Province": "",
          "Recovered": 42727,
        },
      ]
    }
    error={false}
    width={1024}
  />
</WithStyles(ForwardRef(Container))>
`;
