// Jest Snapshot v1, https://goo.gl/fbAQLP

exports[`MainContainer renders properly 1`] = `
<WithStyles(ForwardRef(Container))
  fixed={true}
>
  <NavButtons />
  <WithStyles(ForwardRef(Typography))
    component="div"
    style={
      Object {
        "backgroundColor": "#CFE8FC",
        "height": "100vh",
      }
    }
  >
    <Summary
      confirmed={0}
      data={
        Object {
          "confirmed": 0,
          "deaths": 0,
          "error": false,
          "recovered": 0,
        }
      }
      deaths={0}
      error={false}
      recovered={0}
    />
    <ChartItaly
      data={Object {}}
      error={false}
    />
  </WithStyles(ForwardRef(Typography))>
</WithStyles(ForwardRef(Container))>
`;
