// Jest Snapshot v1, https://goo.gl/fbAQLP

exports[`NavButtons renders properly 1`] = `
<Styled(MuiBox)
  display="flex"
  justifyContent="center"
  m={1}
  p={1}
>
  <Styled(MuiBox)
    m={1}
  >
    <WithStyles(ForwardRef(Button))
      color="primary"
      disabled={true}
      variant="outlined"
    >
      Country List
    </WithStyles(ForwardRef(Button))>
  </Styled(MuiBox)>
  <Styled(MuiBox)
    m={1}
  >
    <WithStyles(ForwardRef(Button))
      color="primary"
      variant="outlined"
    >
      Worldwide
    </WithStyles(ForwardRef(Button))>
  </Styled(MuiBox)>
  <Styled(MuiBox)
    m={1}
  >
    <WithStyles(ForwardRef(Button))
      color="primary"
      variant="outlined"
    >
      Europe
    </WithStyles(ForwardRef(Button))>
  </Styled(MuiBox)>
  <Styled(MuiBox)
    m={1}
  >
    <WithStyles(ForwardRef(Button))
      color="primary"
      variant="contained"
    >
      Italy
    </WithStyles(ForwardRef(Button))>
  </Styled(MuiBox)>
</Styled(MuiBox)>
`;
